<h1>Testing the highlighting of inline code blocks.</h1>
<ul>
<li>Highlights as expected
The following code blocks below should all be highlighted</li>
</ul>
<p><code>:python: import time from time</code></p>
<p><code>:javascript: const promise = new Promise((resolve, reject) =>{})</code></p>
<p><code>:markdown: # hello world, be **bold**</code></p>
<p><code>:css: a { text-decoration: red }</code></p>
<ul>
<li>code escaping works</li>
</ul>
<p><code> :python: import time from time</code></p>
<p><code> :javascript: const promise = new Promise((resolve, reject) =>{})</code></p>
<p><code> :markdown: # hello world, be **bold**</code></p>
<p><code> :css: a { text-decoration: red }</code></p>