<h1>Testing the ability to load custom themes</h1>
<p>This is supposed to show a dark background</p>
<pre class="shiki Moonlight" style="background-color:#212539;color:#e4f3fa" tabindex="0"><code><span class="line"><span style="color:#7FDAFF">#</span><span style="color:#70B0FF"> Remark-Highlighter</span></span>
<span class="line"></span>
<span class="line"><span style="color:#E4F3FA">This is a remark plugin which enables you to add syntax highlighting to your code blocks (both fenced and inline codes).</span></span>
<span class="line"><span style="color:#E4F3FA">It's uses </span><span style="color:#7FDAFF">[</span><span style="color:#AFF1FF">shiki</span><span style="color:#7FDAFF">](</span><span style="color:#34D3FB;text-decoration:underline">https://github.com/shikijs/shiki</span><span style="color:#7FDAFF">)</span><span style="color:#E4F3FA"> under the hood to highlight your code.</span></span>
<span class="line"></span>
<span class="line"><span style="color:#E4F3FA">Due to this, you are able to use any theme which is supported in VS Code; plus, you can also load your custom themes too </span><span style="color:#7FDAFF;font-style:italic">_</span><span style="color:#FF757F;font-style:italic">(as many as you want)</span><span style="color:#7FDAFF;font-style:italic">_</span><span style="color:#E4F3FA">.</span></span>
<span class="line"></span>
<span class="line"><span style="color:#7FDAFF">##</span><span style="color:#70B0FF"> Install</span></span>
<span class="line"></span>
<span class="line"><span style="color:#7FDAFF">-</span><span style="color:#E4F3FA"> pnpm</span></span>
<span class="line"><span style="color:#7FDAFF">  `</span><span style="color:#A7C6E8">pnpm add -D remark-highlighter</span><span style="color:#7FDAFF">`</span></span>
<span class="line"><span style="color:#7FDAFF">-</span><span style="color:#E4F3FA"> yarn</span></span>
<span class="line"><span style="color:#7FDAFF">  `</span><span style="color:#A7C6E8">yarn add -D remark-highlighter</span><span style="color:#7FDAFF">`</span></span>
<span class="line"><span style="color:#7FDAFF">-</span><span style="color:#E4F3FA"> npm</span></span>
<span class="line"><span style="color:#7FDAFF">  `</span><span style="color:#A7C6E8">npm add -D remark-highlighter</span><span style="color:#7FDAFF">`</span></span>
<span class="line"></span></code></pre>